0  m  lane 0  colour 0  Merge  branch 0>1 c1 | branch 0>2 c2 | stem-down 0 c0
1  a  lane 0  colour 0  Normal  through 1 c1 | through 2 c2 | stem-up 0 c0 | stem-down 0 c0
2  b  lane 1  colour 1  Normal  through 0 c0 | through 2 c2 | stem-up 1 c1 | stem-down 1 c1
3  c  lane 2  colour 2  Normal  through 0 c0 | through 1 c1 | stem-up 2 c2 | stem-down 2 c2
4  r  lane 0  colour 0  Root  merge 1>0 c1 | merge 2>0 c2 | stem-up 0 c0
